// Jest Snapshot v1, https://goo.gl/fbAQLP

exports[`Permalink OPTIONS returns the correct options 1`] = `
Object {
  "ADD_SHORTCUT_WARPS_BETWEEN_DUNGEONS": "add_shortcut_warps_between_dungeons",
  "DISABLE_TINGLE_CHESTS_WITH_TINGLE_BOMBS": "disable_tingle_chests_with_tingle_bombs",
  "DO_NOT_GENERATE_SPOILER_LOG": "do_not_generate_spoiler_log",
  "INSTANT_TEXT_BOXES": "instant_text_boxes",
  "INVERT_CAMERA_X_AXIS": "invert_camera_x_axis",
  "KEYLUNACY": "keylunacy",
  "NUM_STARTING_TRIFORCE_SHARDS": "num_starting_triforce_shards",
  "PROGRESSION_BATTLESQUID": "progression_battlesquid",
  "PROGRESSION_BIG_OCTOS_GUNBOATS": "progression_big_octos_gunboats",
  "PROGRESSION_COMBAT_SECRET_CAVES": "progression_combat_secret_caves",
  "PROGRESSION_DUNGEONS": "progression_dungeons",
  "PROGRESSION_EXPENSIVE_PURCHASES": "progression_expensive_purchases",
  "PROGRESSION_EYE_REEF_CHESTS": "progression_eye_reef_chests",
  "PROGRESSION_FREE_GIFTS": "progression_free_gifts",
  "PROGRESSION_GREAT_FAIRIES": "progression_great_fairies",
  "PROGRESSION_ISLAND_PUZZLES": "progression_island_puzzles",
  "PROGRESSION_LONG_SIDEQUESTS": "progression_long_sidequests",
  "PROGRESSION_MAIL": "progression_mail",
  "PROGRESSION_MINIGAMES": "progression_minigames",
  "PROGRESSION_MISC": "progression_misc",
  "PROGRESSION_PLATFORMS_RAFTS": "progression_platforms_rafts",
  "PROGRESSION_PUZZLE_SECRET_CAVES": "progression_puzzle_secret_caves",
  "PROGRESSION_SAVAGE_LABYRINTH": "progression_savage_labyrinth",
  "PROGRESSION_SHORT_SIDEQUESTS": "progression_short_sidequests",
  "PROGRESSION_SPOILS_TRADING": "progression_spoils_trading",
  "PROGRESSION_SUBMARINES": "progression_submarines",
  "PROGRESSION_TINGLE_CHESTS": "progression_tingle_chests",
  "PROGRESSION_TREASURE_CHARTS": "progression_treasure_charts",
  "PROGRESSION_TRIFORCE_CHARTS": "progression_triforce_charts",
  "RACE_MODE": "race_mode",
  "RANDOMIZED_GEAR": "randomized_gear",
  "RANDOMIZE_CHARTS": "randomize_charts",
  "RANDOMIZE_ENEMIES": "randomize_enemies",
  "RANDOMIZE_ENEMY_PALETTES": "randomize_enemy_palettes",
  "RANDOMIZE_ENTRANCES": "randomize_entrances",
  "RANDOMIZE_MUSIC": "randomize_music",
  "RANDOMIZE_STARTING_ISLAND": "randomize_starting_island",
  "REMOVE_MUSIC": "remove_music",
  "REMOVE_TITLE_AND_ENDING_VIDEOS": "remove_title_and_ending_videos",
  "REVEAL_FULL_SEA_CHART": "reveal_full_sea_chart",
  "SKIP_REMATCH_BOSSES": "skip_rematch_bosses",
  "STARTING_GEAR": "starting_gear",
  "STARTING_HCS": "starting_hcs",
  "STARTING_POHS": "starting_pohs",
  "SWIFT_SAIL": "swift_sail",
  "SWORD_MODE": "sword_mode",
}
`;
